// Jest Snapshot v1, https://goo.gl/fbAQLP

exports[`should render BudgetForm correctly 1`] = `
<form
  className="form"
  onSubmit={[Function]}
>
  <input
    autoFocus={true}
    className="text-input"
    onChange={[Function]}
    placeholder="Category"
    type="text"
    value=""
  />
  <input
    className="text-input"
    onChange={[Function]}
    placeholder="Amount"
    type="text"
    value=""
  />
  <DateRangePicker
    anchorDirection="left"
    customArrowIcon={null}
    customCloseIcon={null}
    customInputIcon={null}
    daySize={39}
    disabled={false}
    displayFormat={[Function]}
    enableOutsideDays={false}
    endDate={"1970-01-08T00:00:00.000Z"}
    endDateId="endDate"
    endDatePlaceholderText="End Date"
    firstDayOfWeek={null}
    focusedInput={null}
    hideKeyboardShortcutsPanel={false}
    horizontalMargin={0}
    initialVisibleMonth={null}
    inputIconPosition="before"
    isDayBlocked={[Function]}
    isDayHighlighted={[Function]}
    isOutsideRange={[Function]}
    isRTL={false}
    keepOpenOnDateSelect={false}
    minimumNights={1}
    monthFormat="MMMM YYYY"
    navNext={null}
    navPrev={null}
    numberOfMonths={1}
    onClose={[Function]}
    onDatesChange={[Function]}
    onFocusChange={[Function]}
    onNextMonthClick={[Function]}
    onPrevMonthClick={[Function]}
    openDirection="down"
    orientation="horizontal"
    phrases={
      Object {
        "calendarLabel": "Calendar",
        "chooseAvailableEndDate": [Function],
        "chooseAvailableStartDate": [Function],
        "clearDates": "Clear Dates",
        "closeDatePicker": "Close",
        "dateIsUnavailable": [Function],
        "enterKey": "Enter key",
        "escape": "Escape key",
        "focusStartDate": "Interact with the calendar and add the check-in date for your trip.",
        "hideKeyboardShortcutsPanel": "Close the shortcuts panel",
        "homeEnd": "Home and end keys",
        "jumpToNextMonth": "Move forward to switch to the next month",
        "jumpToPrevMonth": "Move backward to switch to the previous month",
        "keyboardNavigationInstructions": "Press the down arrow key to interact with the calendar and
        select a date. Press the question mark key to get the keyboard shortcuts for changing dates.",
        "keyboardShortcuts": "Keyboard Shortcuts",
        "leftArrowRightArrow": "Right and left arrow keys",
        "moveFocusByOneDay": "Move backward (left) and forward (right) by one day",
        "moveFocusByOneMonth": "Switch months",
        "moveFocusByOneWeek": "Move backward (up) and forward (down) by one week",
        "moveFocustoStartAndEndOfWeek": "Go to the first or last day of a week",
        "openThisPanel": "Open this panel",
        "pageUpPageDown": "page up and page down keys",
        "questionMark": "Question mark",
        "returnFocusToInput": "Return to the date input field",
        "selectFocusedDate": "Select the date in focus",
        "showKeyboardShortcutsPanel": "Open the keyboard shortcuts panel",
        "upArrowDownArrow": "up and down arrow keys",
      }
    }
    readOnly={false}
    renderCalendarInfo={null}
    renderDay={null}
    renderMonth={null}
    reopenPickerOnClearDates={false}
    required={false}
    screenReaderInputMessage=""
    showClearDates={true}
    showDefaultInputIcon={false}
    startDate={"1970-01-01T00:00:00.000Z"}
    startDateId="startDate"
    startDatePlaceholderText="Start Date"
    weekDayFormat="dd"
    withFullScreenPortal={false}
    withPortal={false}
  />
  <textarea
    className="textarea"
    onChange={[Function]}
    placeholder="Add a note for your budget (optional)"
    value=""
  />
  <div>
    <button
      className="button"
    >
      Save Budget
    </button>
  </div>
</form>
`;

exports[`should render BudgetForm correctly with budget data 1`] = `
<form
  className="form"
  onSubmit={[Function]}
>
  <input
    autoFocus={true}
    className="text-input"
    onChange={[Function]}
    placeholder="Category"
    type="text"
    value="Transportation"
  />
  <input
    className="text-input"
    onChange={[Function]}
    placeholder="Amount"
    type="text"
    value="0.25"
  />
  <DateRangePicker
    anchorDirection="left"
    customArrowIcon={null}
    customCloseIcon={null}
    customInputIcon={null}
    daySize={39}
    disabled={false}
    displayFormat={[Function]}
    enableOutsideDays={false}
    endDate={"1969-12-23T00:00:00.000Z"}
    endDateId="endDate"
    endDatePlaceholderText="End Date"
    firstDayOfWeek={null}
    focusedInput={null}
    hideKeyboardShortcutsPanel={false}
    horizontalMargin={0}
    initialVisibleMonth={null}
    inputIconPosition="before"
    isDayBlocked={[Function]}
    isDayHighlighted={[Function]}
    isOutsideRange={[Function]}
    isRTL={false}
    keepOpenOnDateSelect={false}
    minimumNights={1}
    monthFormat="MMMM YYYY"
    navNext={null}
    navPrev={null}
    numberOfMonths={1}
    onClose={[Function]}
    onDatesChange={[Function]}
    onFocusChange={[Function]}
    onNextMonthClick={[Function]}
    onPrevMonthClick={[Function]}
    openDirection="down"
    orientation="horizontal"
    phrases={
      Object {
        "calendarLabel": "Calendar",
        "chooseAvailableEndDate": [Function],
        "chooseAvailableStartDate": [Function],
        "clearDates": "Clear Dates",
        "closeDatePicker": "Close",
        "dateIsUnavailable": [Function],
        "enterKey": "Enter key",
        "escape": "Escape key",
        "focusStartDate": "Interact with the calendar and add the check-in date for your trip.",
        "hideKeyboardShortcutsPanel": "Close the shortcuts panel",
        "homeEnd": "Home and end keys",
        "jumpToNextMonth": "Move forward to switch to the next month",
        "jumpToPrevMonth": "Move backward to switch to the previous month",
        "keyboardNavigationInstructions": "Press the down arrow key to interact with the calendar and
        select a date. Press the question mark key to get the keyboard shortcuts for changing dates.",
        "keyboardShortcuts": "Keyboard Shortcuts",
        "leftArrowRightArrow": "Right and left arrow keys",
        "moveFocusByOneDay": "Move backward (left) and forward (right) by one day",
        "moveFocusByOneMonth": "Switch months",
        "moveFocusByOneWeek": "Move backward (up) and forward (down) by one week",
        "moveFocustoStartAndEndOfWeek": "Go to the first or last day of a week",
        "openThisPanel": "Open this panel",
        "pageUpPageDown": "page up and page down keys",
        "questionMark": "Question mark",
        "returnFocusToInput": "Return to the date input field",
        "selectFocusedDate": "Select the date in focus",
        "showKeyboardShortcutsPanel": "Open the keyboard shortcuts panel",
        "upArrowDownArrow": "up and down arrow keys",
      }
    }
    readOnly={false}
    renderCalendarInfo={null}
    renderDay={null}
    renderMonth={null}
    reopenPickerOnClearDates={false}
    required={false}
    screenReaderInputMessage=""
    showClearDates={true}
    showDefaultInputIcon={false}
    startDate={"1969-12-17T00:00:00.000Z"}
    startDateId="startDate"
    startDatePlaceholderText="Start Date"
    weekDayFormat="dd"
    withFullScreenPortal={false}
    withPortal={false}
  />
  <textarea
    className="textarea"
    onChange={[Function]}
    placeholder="Add a note for your budget (optional)"
    value=""
  />
  <div>
    <button
      className="button"
    >
      Save Budget
    </button>
  </div>
</form>
`;

exports[`should render error for invalid for submission 1`] = `
<form
  className="form"
  onSubmit={[Function]}
>
  <input
    autoFocus={true}
    className="text-input"
    onChange={[Function]}
    placeholder="Category"
    type="text"
    value=""
  />
  <input
    className="text-input"
    onChange={[Function]}
    placeholder="Amount"
    type="text"
    value=""
  />
  <DateRangePicker
    anchorDirection="left"
    customArrowIcon={null}
    customCloseIcon={null}
    customInputIcon={null}
    daySize={39}
    disabled={false}
    displayFormat={[Function]}
    enableOutsideDays={false}
    endDate={"1970-01-08T00:00:00.000Z"}
    endDateId="endDate"
    endDatePlaceholderText="End Date"
    firstDayOfWeek={null}
    focusedInput={null}
    hideKeyboardShortcutsPanel={false}
    horizontalMargin={0}
    initialVisibleMonth={null}
    inputIconPosition="before"
    isDayBlocked={[Function]}
    isDayHighlighted={[Function]}
    isOutsideRange={[Function]}
    isRTL={false}
    keepOpenOnDateSelect={false}
    minimumNights={1}
    monthFormat="MMMM YYYY"
    navNext={null}
    navPrev={null}
    numberOfMonths={1}
    onClose={[Function]}
    onDatesChange={[Function]}
    onFocusChange={[Function]}
    onNextMonthClick={[Function]}
    onPrevMonthClick={[Function]}
    openDirection="down"
    orientation="horizontal"
    phrases={
      Object {
        "calendarLabel": "Calendar",
        "chooseAvailableEndDate": [Function],
        "chooseAvailableStartDate": [Function],
        "clearDates": "Clear Dates",
        "closeDatePicker": "Close",
        "dateIsUnavailable": [Function],
        "enterKey": "Enter key",
        "escape": "Escape key",
        "focusStartDate": "Interact with the calendar and add the check-in date for your trip.",
        "hideKeyboardShortcutsPanel": "Close the shortcuts panel",
        "homeEnd": "Home and end keys",
        "jumpToNextMonth": "Move forward to switch to the next month",
        "jumpToPrevMonth": "Move backward to switch to the previous month",
        "keyboardNavigationInstructions": "Press the down arrow key to interact with the calendar and
        select a date. Press the question mark key to get the keyboard shortcuts for changing dates.",
        "keyboardShortcuts": "Keyboard Shortcuts",
        "leftArrowRightArrow": "Right and left arrow keys",
        "moveFocusByOneDay": "Move backward (left) and forward (right) by one day",
        "moveFocusByOneMonth": "Switch months",
        "moveFocusByOneWeek": "Move backward (up) and forward (down) by one week",
        "moveFocustoStartAndEndOfWeek": "Go to the first or last day of a week",
        "openThisPanel": "Open this panel",
        "pageUpPageDown": "page up and page down keys",
        "questionMark": "Question mark",
        "returnFocusToInput": "Return to the date input field",
        "selectFocusedDate": "Select the date in focus",
        "showKeyboardShortcutsPanel": "Open the keyboard shortcuts panel",
        "upArrowDownArrow": "up and down arrow keys",
      }
    }
    readOnly={false}
    renderCalendarInfo={null}
    renderDay={null}
    renderMonth={null}
    reopenPickerOnClearDates={false}
    required={false}
    screenReaderInputMessage=""
    showClearDates={true}
    showDefaultInputIcon={false}
    startDate={"1970-01-01T00:00:00.000Z"}
    startDateId="startDate"
    startDatePlaceholderText="Start Date"
    weekDayFormat="dd"
    withFullScreenPortal={false}
    withPortal={false}
  />
  <textarea
    className="textarea"
    onChange={[Function]}
    placeholder="Add a note for your budget (optional)"
    value=""
  />
  <div>
    <button
      className="button"
    >
      Save Budget
    </button>
  </div>
</form>
`;

exports[`should render error for invalid for submission 2`] = `
<form
  className="form"
  onSubmit={[Function]}
>
  <p
    className="form__error"
  >
    Please provide the start date, end date and the amount
  </p>
  <input
    autoFocus={true}
    className="text-input"
    onChange={[Function]}
    placeholder="Category"
    type="text"
    value=""
  />
  <input
    className="text-input"
    onChange={[Function]}
    placeholder="Amount"
    type="text"
    value=""
  />
  <DateRangePicker
    anchorDirection="left"
    customArrowIcon={null}
    customCloseIcon={null}
    customInputIcon={null}
    daySize={39}
    disabled={false}
    displayFormat={[Function]}
    enableOutsideDays={false}
    endDate={"1970-01-08T00:00:00.000Z"}
    endDateId="endDate"
    endDatePlaceholderText="End Date"
    firstDayOfWeek={null}
    focusedInput={null}
    hideKeyboardShortcutsPanel={false}
    horizontalMargin={0}
    initialVisibleMonth={null}
    inputIconPosition="before"
    isDayBlocked={[Function]}
    isDayHighlighted={[Function]}
    isOutsideRange={[Function]}
    isRTL={false}
    keepOpenOnDateSelect={false}
    minimumNights={1}
    monthFormat="MMMM YYYY"
    navNext={null}
    navPrev={null}
    numberOfMonths={1}
    onClose={[Function]}
    onDatesChange={[Function]}
    onFocusChange={[Function]}
    onNextMonthClick={[Function]}
    onPrevMonthClick={[Function]}
    openDirection="down"
    orientation="horizontal"
    phrases={
      Object {
        "calendarLabel": "Calendar",
        "chooseAvailableEndDate": [Function],
        "chooseAvailableStartDate": [Function],
        "clearDates": "Clear Dates",
        "closeDatePicker": "Close",
        "dateIsUnavailable": [Function],
        "enterKey": "Enter key",
        "escape": "Escape key",
        "focusStartDate": "Interact with the calendar and add the check-in date for your trip.",
        "hideKeyboardShortcutsPanel": "Close the shortcuts panel",
        "homeEnd": "Home and end keys",
        "jumpToNextMonth": "Move forward to switch to the next month",
        "jumpToPrevMonth": "Move backward to switch to the previous month",
        "keyboardNavigationInstructions": "Press the down arrow key to interact with the calendar and
        select a date. Press the question mark key to get the keyboard shortcuts for changing dates.",
        "keyboardShortcuts": "Keyboard Shortcuts",
        "leftArrowRightArrow": "Right and left arrow keys",
        "moveFocusByOneDay": "Move backward (left) and forward (right) by one day",
        "moveFocusByOneMonth": "Switch months",
        "moveFocusByOneWeek": "Move backward (up) and forward (down) by one week",
        "moveFocustoStartAndEndOfWeek": "Go to the first or last day of a week",
        "openThisPanel": "Open this panel",
        "pageUpPageDown": "page up and page down keys",
        "questionMark": "Question mark",
        "returnFocusToInput": "Return to the date input field",
        "selectFocusedDate": "Select the date in focus",
        "showKeyboardShortcutsPanel": "Open the keyboard shortcuts panel",
        "upArrowDownArrow": "up and down arrow keys",
      }
    }
    readOnly={false}
    renderCalendarInfo={null}
    renderDay={null}
    renderMonth={null}
    reopenPickerOnClearDates={false}
    required={false}
    screenReaderInputMessage=""
    showClearDates={true}
    showDefaultInputIcon={false}
    startDate={"1970-01-01T00:00:00.000Z"}
    startDateId="startDate"
    startDatePlaceholderText="Start Date"
    weekDayFormat="dd"
    withFullScreenPortal={false}
    withPortal={false}
  />
  <textarea
    className="textarea"
    onChange={[Function]}
    placeholder="Add a note for your budget (optional)"
    value=""
  />
  <div>
    <button
      className="button"
    >
      Save Budget
    </button>
  </div>
</form>
`;
