// Jest Snapshot v1, https://goo.gl/fbAQLP

exports[`should render ExpenseListItem correctly 1`] = `
<Link
  className="list-item"
  replace={false}
  to="/edit/expense/1"
>
  <div>
    <h2
      className="list-item__sub-title"
    />
    <h3
      className="list-item__title"
    >
      Gum
    </h3>
    <p
      className="list-item__sub-title"
    >
      December 31st, 1969
    </p>
  </div>
  <h3
    className="list-item__data"
  >
    1.95
  </h3>
</Link>
`;
