// Jest Snapshot v1, https://goo.gl/fbAQLP

exports[`should render Header correctly 1`] = `
<header
  className="header"
>
  <div
    className="content-container"
  >
    <div
      className="header__content"
    >
      <Link
        className="header__title"
        replace={false}
        to="/dashboard"
      >
        <h1>
          Expensify
        </h1>
      </Link>
      <div>
        <button
          className="button button--link"
          onClick={[Function]}
        >
          Logout
        </button>
        <Link
          replace={false}
          to="/settings"
        >
          <button
            className="button button--link"
          >
            <img
              alt="Settings"
              src="/images/settings.svg"
            />
          </button>
        </Link>
      </div>
    </div>
  </div>
</header>
`;
