// Jest Snapshot v1, https://goo.gl/fbAQLP

exports[`should render NotFoundPage correctly 1`] = `
<div>
  BOIII WHAT??? 
  <Link
    replace={false}
    to="/"
  >
    Go home bih... ðŸ™„
  </Link>
</div>
`;
