// Jest Snapshot v1, https://goo.gl/fbAQLP

exports[`should render ViewBudgetsPage correctly 1`] = `
<div>
  <Connect(BudgetsSummary) />
  <Connect(BudgetListFilters) />
  <Connect(BudgetList) />
</div>
`;
